
===== [same-T reactant] eight_schools-eight_schools_centered =====
  T=4    compile=65.1s  61.45 µs/transition
  T=100  compile=1.02s  4.162 µs/transition
  T=1000 compile=0.988s  2.795 µs/transition

===== [same-T reactant] eight_schools-eight_schools_noncentered =====
  T=4    compile=17.5s  40.78 µs/transition
  T=100  compile=0.936s  4.035 µs/transition
  T=1000 compile=0.995s  2.773 µs/transition

===== [same-T reactant] kilpisjarvi_mod-kilpisjarvi =====
  T=4    compile=15.3s  65.98 µs/transition
  T=100  compile=0.856s  4.395 µs/transition
  T=1000 compile=0.866s  2.706 µs/transition

===== [same-T reactant] radon_mn-radon_variable_intercept_slope_centered =====
  T=4    compile=17.8s  262.5 µs/transition
  T=100  compile=1.16s  134.9 µs/transition
  T=1000 compile=1.24s  124.4 µs/transition

===== [same-T reactant] GLM_Binomial_data-GLM_Binomial_model =====
  T=4    compile=21.5s  34.82 µs/transition
  T=100  compile=0.949s  11.32 µs/transition
  T=1000 compile=0.973s  10.57 µs/transition

SAME_T_HMC_DONE backend=reactant cells=15
